ARM Linker, 5.03 [Build 76] [MDK-ARM Lite]

==============================================================================

Section Cross References

    project.o(project) refers to project.o(memory) for Random_data


==============================================================================

Image Symbol Table

    Local Symbols

    Symbol Name                              Value     Ov Type        Size  Object(Section)

    project                                  0x00000000   Section      512  project.o(project)
    project.s                                0x00000000   Number         0  project.o ABSOLUTE
    memory                                   0x00000200   Section     4402  project.o(memory)
    Random_data                              0x00000200   Data           0  project.o(memory)
    Search_data                              0x000011a0   Data           0  project.o(memory)
    Array_data                               0x00001330   Data           2  project.o(memory)

    Global Symbols

    Symbol Name                              Value     Ov Type        Size  Object(Section)

    BuildAttributes$$THM_ISAv2$ARM_ISAv5$E$P$S$PE$A:L22$X:L11$S22$IEEE1$IW$USESV6$~STKCKD$USESV7$~SHL$OSPACE$EBA8$STANDARDLIB$EABIv2 0x00000000   Number         0  anon$$obj.o ABSOLUTE



==============================================================================

Memory Map of the image

  Image Entry point : 0x00000000

  Load Region LR_1 (Base: 0x00000000, Size: 0x00001334, Max: 0xffffffff, ABSOLUTE)

    Execution Region ER_RO (Base: 0x00000000, Size: 0x00000000, Max: 0xffffffff, ABSOLUTE)

    **** No section assigned to this execution region ****


    Execution Region ER_RW (Base: 0x00000000, Size: 0x00001334, Max: 0xffffffff, ABSOLUTE)

    Base Addr    Size         Type   Attr      Idx    E Section Name        Object

    0x00000000   0x00000200   Code   RW            1  * project             project.o
    0x00000200   0x00001132   Data   RW            2    memory              project.o


    Execution Region ER_ZI (Base: 0x00001334, Size: 0x00000000, Max: 0xffffffff, ABSOLUTE)

    **** No section assigned to this execution region ****


==============================================================================

Image component sizes


      Code (inc. data)   RO Data    RW Data    ZI Data      Debug   Object Name

       512         24          0       4402          0        320   project.o

    ----------------------------------------------------------------------
       512         24          0       4404          0        320   Object Totals
         0          0          0          0          0          0   (incl. Generated)
         0          0          0          2          0          0   (incl. Padding)

    ----------------------------------------------------------------------
         0          0          0          0          0          0   Library Totals
         0          0          0          0          0          0   (incl. Padding)

    ----------------------------------------------------------------------

==============================================================================


      Code (inc. data)   RO Data    RW Data    ZI Data      Debug   

       512         24          0       4404          0        320   Grand Totals
       512         24          0       4404          0        320   ELF Image Totals
       512         24          0       4404          0          0   ROM Totals

==============================================================================

    Total RO  Size (Code + RO Data)                  512 (   0.50kB)
    Total RW  Size (RW Data + ZI Data)              4404 (   4.30kB)
    Total ROM Size (Code + RO Data + RW Data)       4916 (   4.80kB)

==============================================================================

