<html>
<body>
<pre>
<h1>µVision Build Log</h1>
<h2>Project:</h2>
C:\Users\Administrator\Documents\project\project.uvproj
Project File Date:  11/29/2013

<h2>Output:</h2>
Build target 'Target 1'
assembling project.s...
linking...
Program Size: Code=184 RO-data=0 RW-data=84 ZI-data=0  
".\project.axf" - 0 Errors, 0 Warning(s).
Build target 'Target 1'
assembling project.s...
project.s(93): warning: A1581W: Added 2 bytes of padding at address 0x2a
linking...
Program Size: Code=184 RO-data=0 RW-data=84 ZI-data=0  
".\project.axf" - 0 Errors, 1 Warning(s).
Build target 'Target 1'
assembling project.s...
linking...
Program Size: Code=184 RO-data=0 RW-data=84 ZI-data=0  
".\project.axf" - 0 Errors, 0 Warning(s).
Build target 'Target 1'
assembling project.s...
linking...
Program Size: Code=192 RO-data=0 RW-data=84 ZI-data=0  
".\project.axf" - 0 Errors, 0 Warning(s).
Build target 'Target 1'
linking...
Program Size: Code=192 RO-data=0 RW-data=84 ZI-data=0  
".\project.axf" - 0 Errors, 0 Warning(s).
Build target 'Target 1'
linking...
Program Size: Code=192 RO-data=0 RW-data=84 ZI-data=0  
".\project.axf" - 0 Errors, 0 Warning(s).
Build target 'Target 1'
assembling project.s...
linking...
Program Size: Code=192 RO-data=0 RW-data=244 ZI-data=0  
".\project.axf" - 0 Errors, 0 Warning(s).
Build target 'Target 1'
assembling project.s...
project.s(73): error: A1110E: Expected constant expression
project.s(74): error: A1110E: Expected constant expression
project.s(75): error: A1110E: Expected constant expression
project.s(76): error: A1110E: Expected constant expression
project.s(77): error: A1110E: Expected constant expression
project.s(78): error: A1110E: Expected constant expression
project.s(79): error: A1110E: Expected constant expression
project.s(80): error: A1110E: Expected constant expression
project.s(81): error: A1110E: Expected constant expression
project.s(82): error: A1110E: Expected constant expression
project.s(83): error: A1110E: Expected constant expression
project.s(84): error: A1110E: Expected constant expression
project.s(85): error: A1110E: Expected constant expression
project.s(86): error: A1110E: Expected constant expression
project.s(87): error: A1110E: Expected constant expression
project.s(88): error: A1110E: Expected constant expression
project.s(89): error: A1110E: Expected constant expression
project.s(90): error: A1110E: Expected constant expression
".\project.axf" - 18 Errors, 0 Warning(s).
Target not created
Build target 'Target 1'
assembling project.s...
linking...
Program Size: Code=192 RO-data=0 RW-data=4040 ZI-data=0  
".\project.axf" - 0 Errors, 0 Warning(s).
Build target 'Target 1'
assembling project.s...
linking...
Program Size: Code=192 RO-data=0 RW-data=4044 ZI-data=0  
".\project.axf" - 0 Errors, 0 Warning(s).
Build target 'Target 1'
linking...
Program Size: Code=192 RO-data=0 RW-data=4044 ZI-data=0  
".\project.axf" - 0 Errors, 0 Warning(s).
Build target 'Target 1'
assembling project.s...
linking...
Program Size: Code=192 RO-data=0 RW-data=4044 ZI-data=0  
".\project.axf" - 0 Errors, 0 Warning(s).
Build target 'Target 1'
assembling project.s...
linking...
Program Size: Code=924 RO-data=0 RW-data=4044 ZI-data=0  
".\project.axf" - 0 Errors, 0 Warning(s).
Build target 'Target 1'
assembling project.s...
linking...
Program Size: Code=928 RO-data=0 RW-data=4044 ZI-data=0  
".\project.axf" - 0 Errors, 0 Warning(s).
Build target 'Target 1'
assembling project.s...
linking...
Program Size: Code=928 RO-data=0 RW-data=4044 ZI-data=0  
".\project.axf" - 0 Errors, 0 Warning(s).
Build target 'Target 1'
assembling project.s...
linking...
Program Size: Code=932 RO-data=0 RW-data=4044 ZI-data=0  
".\project.axf" - 0 Errors, 0 Warning(s).
Build target 'Target 1'
assembling project.s...
linking...
Program Size: Code=932 RO-data=0 RW-data=4044 ZI-data=0  
".\project.axf" - 0 Errors, 0 Warning(s).
Build target 'Target 1'
linking...
Program Size: Code=932 RO-data=0 RW-data=4044 ZI-data=0  
".\project.axf" - 0 Errors, 0 Warning(s).
Build target 'Target 1'
assembling project.s...
linking...
Program Size: Code=932 RO-data=0 RW-data=4044 ZI-data=0  
".\project.axf" - 0 Errors, 0 Warning(s).
Build target 'Target 1'
assembling project.s...
linking...
Program Size: Code=932 RO-data=0 RW-data=4044 ZI-data=0  
".\project.axf" - 0 Errors, 0 Warning(s).
Build target 'Target 1'
assembling project.s...
linking...
Program Size: Code=932 RO-data=0 RW-data=4044 ZI-data=0  
".\project.axf" - 0 Errors, 0 Warning(s).
Build target 'Target 1'
assembling project.s...
linking...
Program Size: Code=932 RO-data=0 RW-data=4044 ZI-data=0  
".\project.axf" - 0 Errors, 0 Warning(s).
Build target 'Target 1'
assembling project.s...
linking...
Program Size: Code=928 RO-data=0 RW-data=4044 ZI-data=0  
".\project.axf" - 0 Errors, 0 Warning(s).
Build target 'Target 1'
assembling project.s...
project.s(20): error: A1163E: Unknown opcode STMEAW , expecting opcode or Macro
".\project.axf" - 1 Errors, 0 Warning(s).
Target not created
Build target 'Target 1'
assembling project.s...
project.s(20): error: A1163E: Unknown opcode STMWEA , expecting opcode or Macro
".\project.axf" - 1 Errors, 0 Warning(s).
Target not created
Build target 'Target 1'
assembling project.s...
linking...
Program Size: Code=936 RO-data=0 RW-data=4044 ZI-data=0  
".\project.axf" - 0 Errors, 0 Warning(s).
Build target 'Target 1'
assembling project.s...
linking...
Program Size: Code=968 RO-data=0 RW-data=4044 ZI-data=0  
".\project.axf" - 0 Errors, 0 Warning(s).
Build target 'Target 1'
assembling project.s...
project.s(5): error: A1174E: Data transfer offset 0x00001370 out of range.  Permitted values are 0xFFFFF001 to 0x00000FFF
project.s(6): error: A1284E: Literal pool too distant, use LTORG to assemble it within 4KB
project.s(7): error: A1284E: Literal pool too distant, use LTORG to assemble it within 4KB
project.s(8): error: A1284E: Literal pool too distant, use LTORG to assemble it within 4KB
".\project.axf" - 4 Errors, 0 Warning(s).
Target not created
Build target 'Target 1'
assembling project.s...
linking...
Program Size: Code=2600 RO-data=0 RW-data=4044 ZI-data=0  
".\project.axf" - 0 Errors, 0 Warning(s).
Build target 'Target 1'
assembling project.s...
linking...
Program Size: Code=1640 RO-data=0 RW-data=4044 ZI-data=0  
".\project.axf" - 0 Errors, 0 Warning(s).
Build target 'Target 1'
assembling project.s...
linking...
Program Size: Code=2600 RO-data=0 RW-data=4044 ZI-data=0  
".\project.axf" - 0 Errors, 0 Warning(s).
Build target 'Target 1'
assembling project.s...
linking...
Program Size: Code=3080 RO-data=0 RW-data=4044 ZI-data=0  
".\project.axf" - 0 Errors, 0 Warning(s).
Build target 'Target 1'
assembling project.s...
linking...
Program Size: Code=3560 RO-data=0 RW-data=4044 ZI-data=0  
".\project.axf" - 0 Errors, 0 Warning(s).
Build target 'Target 1'
assembling project.s...
linking...
Program Size: Code=4040 RO-data=0 RW-data=4044 ZI-data=0  
".\project.axf" - 0 Errors, 0 Warning(s).
Build target 'Target 1'
assembling project.s...
project.s(5): error: A1174E: Data transfer offset 0x00001190 out of range.  Permitted values are 0xFFFFF001 to 0x00000FFF
project.s(6): error: A1284E: Literal pool too distant, use LTORG to assemble it within 4KB
project.s(7): error: A1284E: Literal pool too distant, use LTORG to assemble it within 4KB
project.s(8): error: A1284E: Literal pool too distant, use LTORG to assemble it within 4KB
".\project.axf" - 4 Errors, 0 Warning(s).
Target not created
Build target 'Target 1'
assembling project.s...
linking...
Program Size: Code=4040 RO-data=0 RW-data=4044 ZI-data=0  
".\project.axf" - 0 Errors, 0 Warning(s).
Build target 'Target 1'
assembling project.s...
linking...
Program Size: Code=4040 RO-data=0 RW-data=4044 ZI-data=0  
".\project.axf" - 0 Errors, 0 Warning(s).
Build target 'Target 1'
assembling project.s...
project.s(5): error: A1174E: Data transfer offset 0x0000119C out of range.  Permitted values are 0xFFFFF001 to 0x00000FFF
project.s(6): error: A1284E: Literal pool too distant, use LTORG to assemble it within 4KB
project.s(7): error: A1284E: Literal pool too distant, use LTORG to assemble it within 4KB
project.s(8): error: A1284E: Literal pool too distant, use LTORG to assemble it within 4KB
".\project.axf" - 4 Errors, 0 Warning(s).
Target not created
Build target 'Target 1'
assembling project.s...
linking...
Program Size: Code=4040 RO-data=0 RW-data=4044 ZI-data=0  
".\project.axf" - 0 Errors, 0 Warning(s).
Build target 'Target 1'
assembling project.s...
linking...
Program Size: Code=1172 RO-data=0 RW-data=4044 ZI-data=0  
".\project.axf" - 0 Errors, 0 Warning(s).
Build target 'Target 1'
assembling project.s...
linking...
Program Size: Code=1176 RO-data=0 RW-data=4044 ZI-data=0  
".\project.axf" - 0 Errors, 0 Warning(s).
Build target 'Target 1'
assembling project.s...
project.s(277): error: A1163E: Unknown opcode while(initial<=final) , expecting opcode or Macro
project.s(278): error: A1137E: Unexpected characters at end of line
project.s(279): error: A1163E: Unknown opcode mid= , expecting opcode or Macro
project.s(281): error: A1163E: Unknown opcode if(r==abb[mid]) , expecting opcode or Macro
project.s(282): error: A1137E: Unexpected characters at end of line
project.s(283): error: A1163E: Unknown opcode location=mid , expecting opcode or Macro
project.s(284): error: A1163E: Unknown opcode break , expecting opcode or Macro
project.s(285): error: A1137E: Unexpected characters at end of line
project.s(286): error: A1157E: Syntax error following directive
project.s(287): error: A1163E: Unknown opcode final=mid-1 , expecting opcode or Macro
project.s(289): error: A1157E: Syntax error following directive
project.s(290): error: A1163E: Unknown opcode initial=mid+1 , expecting opcode or Macro
project.s(291): error: A1137E: Unexpected characters at end of line
project.s(301): error: A1510E: Immediate 0x000007CE cannot be represented by 0-255 and a rotation
".\project.axf" - 14 Errors, 0 Warning(s).
Target not created
Build target 'Target 1'
assembling project.s...
project.s(297): error: A1516E: Bad symbol 'EXIT', not defined or external
".\project.axf" - 1 Errors, 0 Warning(s).
Target not created
Build target 'Target 1'
assembling project.s...
linking...
Program Size: Code=1220 RO-data=0 RW-data=4044 ZI-data=0  
".\project.axf" - 0 Errors, 0 Warning(s).
Build target 'Target 1'
assembling project.s...
project.s(299): error: A1106E: Missing comma
".\project.axf" - 1 Errors, 0 Warning(s).
Target not created
Build target 'Target 1'
assembling project.s...
linking...
Program Size: Code=1368 RO-data=0 RW-data=4044 ZI-data=0  
".\project.axf" - 0 Errors, 0 Warning(s).
Build target 'Target 1'
assembling project.s...
linking...
Program Size: Code=456 RO-data=0 RW-data=4044 ZI-data=0  
".\project.axf" - 0 Errors, 0 Warning(s).
Build target 'Target 1'
assembling project.s...
linking...
Program Size: Code=888 RO-data=0 RW-data=4044 ZI-data=0  
".\project.axf" - 0 Errors, 0 Warning(s).
Build target 'Target 1'
assembling project.s...
linking...
Program Size: Code=504 RO-data=0 RW-data=4044 ZI-data=0  
".\project.axf" - 0 Errors, 0 Warning(s).
Build target 'Target 1'
assembling project.s...
project.s(69): warning: A1865W: '#' not seen before constant expression
project.s(69): error: A1106E: Missing comma
".\project.axf" - 1 Errors, 1 Warning(s).
Target not created
Build target 'Target 1'
assembling project.s...
linking...
Program Size: Code=372 RO-data=0 RW-data=4044 ZI-data=0  
".\project.axf" - 0 Errors, 0 Warning(s).
Build target 'Target 1'
linking...
Program Size: Code=372 RO-data=0 RW-data=4044 ZI-data=0  
".\project.axf" - 0 Errors, 0 Warning(s).
Build target 'Target 1'
linking...
Program Size: Code=372 RO-data=0 RW-data=4044 ZI-data=0  
".\project.axf" - 0 Errors, 0 Warning(s).
Build target 'Target 1'
linking...
Program Size: Code=372 RO-data=0 RW-data=4044 ZI-data=0  
".\project.axf" - 0 Errors, 0 Warning(s).
Build target 'Target 1'
assembling project.s...
linking...
Program Size: Code=372 RO-data=0 RW-data=4044 ZI-data=0  
".\project.axf" - 0 Errors, 0 Warning(s).
Build target 'Target 1'
linking...
Program Size: Code=372 RO-data=0 RW-data=4044 ZI-data=0  
".\project.axf" - 0 Errors, 0 Warning(s).
Build target 'Target 1'
linking...
Program Size: Code=372 RO-data=0 RW-data=4044 ZI-data=0  
".\project.axf" - 0 Errors, 0 Warning(s).
Build target 'Target 1'
linking...
Program Size: Code=372 RO-data=0 RW-data=4044 ZI-data=0  
".\project.axf" - 0 Errors, 0 Warning(s).
Build target 'Target 1'
assembling project.s...
linking...
Program Size: Code=372 RO-data=0 RW-data=4404 ZI-data=0  
".\project.axf" - 0 Errors, 0 Warning(s).
Build target 'Target 1'
assembling project.s...
linking...
Program Size: Code=372 RO-data=0 RW-data=4404 ZI-data=0  
".\project.axf" - 0 Errors, 0 Warning(s).
Build target 'Target 1'
assembling project.s...
linking...
Program Size: Code=380 RO-data=0 RW-data=4404 ZI-data=0  
".\project.axf" - 0 Errors, 0 Warning(s).
Build target 'Target 1'
assembling project.s...
linking...
Program Size: Code=384 RO-data=0 RW-data=4404 ZI-data=0  
".\project.axf" - 0 Errors, 0 Warning(s).
Build target 'Target 1'
assembling project.s...
linking...
Program Size: Code=384 RO-data=0 RW-data=4404 ZI-data=0  
".\project.axf" - 0 Errors, 0 Warning(s).
Build target 'Target 1'
assembling project.s...
linking...
Program Size: Code=388 RO-data=0 RW-data=4404 ZI-data=0  
".\project.axf" - 0 Errors, 0 Warning(s).
Build target 'Target 1'
linking...
Program Size: Code=388 RO-data=0 RW-data=4404 ZI-data=0  
".\project.axf" - 0 Errors, 0 Warning(s).
Build target 'Target 1'
assembling project.s...
linking...
Program Size: Code=388 RO-data=0 RW-data=4404 ZI-data=0  
".\project.axf" - 0 Errors, 0 Warning(s).
Build target 'Target 1'
linking...
Program Size: Code=388 RO-data=0 RW-data=4404 ZI-data=0  
".\project.axf" - 0 Errors, 0 Warning(s).
Build target 'Target 1'
linking...
Program Size: Code=388 RO-data=0 RW-data=4404 ZI-data=0  
".\project.axf" - 0 Errors, 0 Warning(s).
Build target 'Target 1'
assembling project.s...
linking...
Program Size: Code=392 RO-data=0 RW-data=4404 ZI-data=0  
".\project.axf" - 0 Errors, 0 Warning(s).
Build target 'Target 1'
assembling project.s...
linking...
Program Size: Code=392 RO-data=0 RW-data=4404 ZI-data=0  
".\project.axf" - 0 Errors, 0 Warning(s).
Build target 'Target 1'
assembling project.s...
linking...
Program Size: Code=392 RO-data=0 RW-data=4404 ZI-data=0  
".\project.axf" - 0 Errors, 0 Warning(s).
Build target 'Target 1'
assembling project.s...
linking...
Program Size: Code=392 RO-data=0 RW-data=4404 ZI-data=0  
".\project.axf" - 0 Errors, 0 Warning(s).
Build target 'Target 1'
assembling project.s...
linking...
Program Size: Code=392 RO-data=0 RW-data=4404 ZI-data=0  
".\project.axf" - 0 Errors, 0 Warning(s).
Build target 'Target 1'
assembling project.s...
linking...
Program Size: Code=400 RO-data=0 RW-data=4404 ZI-data=0  
".\project.axf" - 0 Errors, 0 Warning(s).
Build target 'Target 1'
assembling project.s...
linking...
Program Size: Code=400 RO-data=0 RW-data=4404 ZI-data=0  
".\project.axf" - 0 Errors, 0 Warning(s).
Build target 'Target 1'
linking...
Program Size: Code=400 RO-data=0 RW-data=4404 ZI-data=0  
".\project.axf" - 0 Errors, 0 Warning(s).
Build target 'Target 1'
linking...
Program Size: Code=400 RO-data=0 RW-data=4404 ZI-data=0  
".\project.axf" - 0 Errors, 0 Warning(s).
Build target 'Target 1'
linking...
Program Size: Code=400 RO-data=0 RW-data=4404 ZI-data=0  
".\project.axf" - 0 Errors, 0 Warning(s).
Build target 'Target 1'
assembling project.s...
linking...
Program Size: Code=268 RO-data=0 RW-data=4404 ZI-data=0  
".\project.axf" - 0 Errors, 0 Warning(s).
Build target 'Target 1'
assembling project.s...
linking...
Program Size: Code=272 RO-data=0 RW-data=4404 ZI-data=0  
".\project.axf" - 0 Errors, 0 Warning(s).
Build target 'Target 1'
assembling project.s...
linking...
Program Size: Code=272 RO-data=0 RW-data=4404 ZI-data=0  
".\project.axf" - 0 Errors, 0 Warning(s).
Build target 'Target 1'
assembling project.s...
project.s(161): warning: A1865W: '#' not seen before constant expression
project.s(161): error: A1510E: Immediate 0x00003010 cannot be represented by 0-255 and a rotation
".\project.axf" - 1 Errors, 1 Warning(s).
Target not created
Build target 'Target 1'
assembling project.s...
project.s(161): error: A1510E: Immediate 0x00003010 cannot be represented by 0-255 and a rotation
".\project.axf" - 1 Errors, 0 Warning(s).
Target not created
Build target 'Target 1'
assembling project.s...
linking...
Program Size: Code=404 RO-data=0 RW-data=4404 ZI-data=0  
".\project.axf" - 0 Errors, 0 Warning(s).
Build target 'Target 1'
assembling project.s...
linking...
Program Size: Code=400 RO-data=0 RW-data=4404 ZI-data=0  
".\project.axf" - 0 Errors, 0 Warning(s).
Build target 'Target 1'
linking...
Program Size: Code=400 RO-data=0 RW-data=4404 ZI-data=0  
".\project.axf" - 0 Errors, 0 Warning(s).
Build target 'Target 1'
linking...
Program Size: Code=400 RO-data=0 RW-data=4404 ZI-data=0  
".\project.axf" - 0 Errors, 0 Warning(s).
Build target 'Target 1'
assembling project.s...
linking...
Program Size: Code=400 RO-data=0 RW-data=4404 ZI-data=0  
".\project.axf" - 0 Errors, 0 Warning(s).
Build target 'Target 1'
assembling project.s...
linking...
Program Size: Code=400 RO-data=0 RW-data=4404 ZI-data=0  
".\project.axf" - 0 Errors, 0 Warning(s).
Build target 'Target 1'
linking...
Program Size: Code=400 RO-data=0 RW-data=4404 ZI-data=0  
".\project.axf" - 0 Errors, 0 Warning(s).
Build target 'Target 1'
assembling project.s...
linking...
Program Size: Code=400 RO-data=0 RW-data=632 ZI-data=0  
".\project.axf" - 0 Errors, 0 Warning(s).
Build target 'Target 1'
assembling project.s...
linking...
Program Size: Code=400 RO-data=0 RW-data=632 ZI-data=0  
".\project.axf" - 0 Errors, 0 Warning(s).
Build target 'Target 1'
linking...
Program Size: Code=400 RO-data=0 RW-data=632 ZI-data=0  
".\project.axf" - 0 Errors, 0 Warning(s).
Build target 'Target 1'
assembling project.s...
linking...
Program Size: Code=404 RO-data=0 RW-data=632 ZI-data=0  
".\project.axf" - 0 Errors, 0 Warning(s).
Build target 'Target 1'
assembling project.s...
linking...
Program Size: Code=404 RO-data=0 RW-data=632 ZI-data=0  
".\project.axf" - 0 Errors, 0 Warning(s).
Build target 'Target 1'
assembling project.s...
linking...
Program Size: Code=404 RO-data=0 RW-data=632 ZI-data=0  
".\project.axf" - 0 Errors, 0 Warning(s).
Build target 'Target 1'
assembling project.s...
linking...
Program Size: Code=400 RO-data=0 RW-data=632 ZI-data=0  
".\project.axf" - 0 Errors, 0 Warning(s).
Build target 'Target 1'
assembling project.s...
linking...
Program Size: Code=384 RO-data=0 RW-data=632 ZI-data=0  
".\project.axf" - 0 Errors, 0 Warning(s).
Build target 'Target 1'
assembling project.s...
linking...
Program Size: Code=400 RO-data=0 RW-data=632 ZI-data=0  
".\project.axf" - 0 Errors, 0 Warning(s).
Build target 'Target 1'
assembling project.s...
linking...
Program Size: Code=400 RO-data=0 RW-data=4404 ZI-data=0  
".\project.axf" - 0 Errors, 0 Warning(s).
Build target 'Target 1'
linking...
Program Size: Code=400 RO-data=0 RW-data=4404 ZI-data=0  
".\project.axf" - 0 Errors, 0 Warning(s).
Build target 'Target 1'
assembling project.s...
linking...
Program Size: Code=400 RO-data=0 RW-data=444 ZI-data=0  
".\project.axf" - 0 Errors, 0 Warning(s).
Build target 'Target 1'
assembling project.s...
linking...
Program Size: Code=416 RO-data=0 RW-data=444 ZI-data=0  
".\project.axf" - 0 Errors, 0 Warning(s).
Build target 'Target 1'
assembling project.s...
linking...
Program Size: Code=416 RO-data=0 RW-data=808 ZI-data=0  
".\project.axf" - 0 Errors, 0 Warning(s).
Build target 'Target 1'
assembling project.s...
linking...
Program Size: Code=416 RO-data=0 RW-data=424 ZI-data=0  
".\project.axf" - 0 Errors, 0 Warning(s).
Build target 'Target 1'
linking...
Program Size: Code=416 RO-data=0 RW-data=424 ZI-data=0  
".\project.axf" - 0 Errors, 0 Warning(s).
Build target 'Target 1'
assembling project.s...
linking...
Program Size: Code=408 RO-data=0 RW-data=424 ZI-data=0  
".\project.axf" - 0 Errors, 0 Warning(s).
Build target 'Target 1'
linking...
Program Size: Code=408 RO-data=0 RW-data=424 ZI-data=0  
".\project.axf" - 0 Errors, 0 Warning(s).
Build target 'Target 1'
assembling project.s...
linking...
Program Size: Code=412 RO-data=0 RW-data=424 ZI-data=0  
".\project.axf" - 0 Errors, 0 Warning(s).
Build target 'Target 1'
linking...
Program Size: Code=412 RO-data=0 RW-data=424 ZI-data=0  
".\project.axf" - 0 Errors, 0 Warning(s).
Build target 'Target 1'
linking...
Program Size: Code=412 RO-data=0 RW-data=424 ZI-data=0  
".\project.axf" - 0 Errors, 0 Warning(s).
Build target 'Target 1'
assembling project.s...
project.s(10): error: A1516E: Bad symbol 'IterativeQ', not defined or external
".\project.axf" - 1 Errors, 0 Warning(s).
Target not created
Build target 'Target 1'
assembling project.s...
linking...
Program Size: Code=388 RO-data=0 RW-data=424 ZI-data=0  
".\project.axf" - 0 Errors, 0 Warning(s).
Build target 'Target 1'
assembling project.s...
linking...
Program Size: Code=388 RO-data=0 RW-data=4400 ZI-data=0  
".\project.axf" - 0 Errors, 0 Warning(s).
Build target 'Target 1'
assembling project.s...
linking...
Program Size: Code=388 RO-data=0 RW-data=4400 ZI-data=0  
".\project.axf" - 0 Errors, 0 Warning(s).
Build target 'Target 1'
assembling project.s...
project.s(11): error: A1516E: Bad symbol 'QuickMain', not defined or external
".\project.axf" - 1 Errors, 0 Warning(s).
Target not created
Build target 'Target 1'
assembling project.s...
linking...
Program Size: Code=388 RO-data=0 RW-data=4400 ZI-data=0  
".\project.axf" - 0 Errors, 0 Warning(s).
Build target 'Target 1'
assembling project.s...
linking...
Program Size: Code=388 RO-data=0 RW-data=52 ZI-data=0  
".\project.axf" - 0 Errors, 0 Warning(s).
Build target 'Target 1'
assembling project.s...
linking...
Program Size: Code=388 RO-data=0 RW-data=52 ZI-data=0  
".\project.axf" - 0 Errors, 0 Warning(s).
Build target 'Target 1'
assembling project.s...
linking...
Program Size: Code=388 RO-data=0 RW-data=56 ZI-data=0  
".\project.axf" - 0 Errors, 0 Warning(s).
Build target 'Target 1'
assembling project.s...
linking...
Program Size: Code=388 RO-data=0 RW-data=60 ZI-data=0  
".\project.axf" - 0 Errors, 0 Warning(s).
Build target 'Target 1'
assembling project.s...
linking...
Program Size: Code=388 RO-data=0 RW-data=60 ZI-data=0  
".\project.axf" - 0 Errors, 0 Warning(s).
Build target 'Target 1'
assembling project.s...
linking...
Program Size: Code=392 RO-data=0 RW-data=60 ZI-data=0  
".\project.axf" - 0 Errors, 0 Warning(s).
Build target 'Target 1'
linking...
Program Size: Code=392 RO-data=0 RW-data=60 ZI-data=0  
".\project.axf" - 0 Errors, 0 Warning(s).
Build target 'Target 1'
assembling project.s...
linking...
Program Size: Code=396 RO-data=0 RW-data=60 ZI-data=0  
".\project.axf" - 0 Errors, 0 Warning(s).
Build target 'Target 1'
linking...
Program Size: Code=396 RO-data=0 RW-data=60 ZI-data=0  
".\project.axf" - 0 Errors, 0 Warning(s).
Build target 'Target 1'
assembling project.s...
linking...
Program Size: Code=396 RO-data=0 RW-data=60 ZI-data=0  
".\project.axf" - 0 Errors, 0 Warning(s).
Build target 'Target 1'
assembling project.s...
linking...
Program Size: Code=396 RO-data=0 RW-data=428 ZI-data=0  
".\project.axf" - 0 Errors, 0 Warning(s).
Build target 'Target 1'
assembling project.s...
linking...
Program Size: Code=396 RO-data=0 RW-data=4024 ZI-data=0  
".\project.axf" - 0 Errors, 0 Warning(s).
Build target 'Target 1'
assembling project.s...
linking...
Program Size: Code=400 RO-data=0 RW-data=4024 ZI-data=0  
".\project.axf" - 0 Errors, 0 Warning(s).
Build target 'Target 1'
assembling project.s...
linking...
Program Size: Code=392 RO-data=0 RW-data=4024 ZI-data=0  
".\project.axf" - 0 Errors, 0 Warning(s).
Build target 'Target 1'
assembling project.s...
linking...
Program Size: Code=384 RO-data=0 RW-data=4024 ZI-data=0  
".\project.axf" - 0 Errors, 0 Warning(s).
Build target 'Target 1'
assembling project.s...
project.s(190): error: A1647E: Bad register name symbol, expected Integer register
".\project.axf" - 1 Errors, 0 Warning(s).
Target not created
Build target 'Target 1'
assembling project.s...
linking...
Program Size: Code=480 RO-data=0 RW-data=4024 ZI-data=0  
".\project.axf" - 0 Errors, 0 Warning(s).
Build target 'Target 1'
assembling project.s...
linking...
Program Size: Code=576 RO-data=0 RW-data=4024 ZI-data=0  
".\project.axf" - 0 Errors, 0 Warning(s).
Build target 'Target 1'
assembling project.s...
linking...
Program Size: Code=448 RO-data=0 RW-data=4024 ZI-data=0  
".\project.axf" - 0 Errors, 0 Warning(s).
Build target 'Target 1'
assembling project.s...
linking...
Program Size: Code=704 RO-data=0 RW-data=4024 ZI-data=0  
".\project.axf" - 0 Errors, 0 Warning(s).
Build target 'Target 1'
assembling project.s...
linking...
Program Size: Code=576 RO-data=0 RW-data=4024 ZI-data=0  
".\project.axf" - 0 Errors, 0 Warning(s).
Build target 'Target 1'
assembling project.s...
linking...
Program Size: Code=512 RO-data=0 RW-data=4024 ZI-data=0  
".\project.axf" - 0 Errors, 0 Warning(s).
Build target 'Target 1'
assembling project.s...
linking...
Program Size: Code=516 RO-data=0 RW-data=4024 ZI-data=0  
".\project.axf" - 0 Errors, 0 Warning(s).
Build target 'Target 1'
assembling project.s...
linking...
Program Size: Code=512 RO-data=0 RW-data=4024 ZI-data=0  
".\project.axf" - 0 Errors, 0 Warning(s).
Build target 'Target 1'
assembling project.s...
linking...
Program Size: Code=516 RO-data=0 RW-data=4024 ZI-data=0  
".\project.axf" - 0 Errors, 0 Warning(s).
Build target 'Target 1'
assembling project.s...
linking...
Program Size: Code=516 RO-data=0 RW-data=4024 ZI-data=0  
".\project.axf" - 0 Errors, 0 Warning(s).
Build target 'Target 1'
assembling project.s...
linking...
Program Size: Code=496 RO-data=0 RW-data=4024 ZI-data=0  
".\project.axf" - 0 Errors, 0 Warning(s).
Build target 'Target 1'
assembling project.s...
linking...
Program Size: Code=496 RO-data=0 RW-data=4024 ZI-data=0  
".\project.axf" - 0 Errors, 0 Warning(s).
Build target 'Target 1'
linking...
Program Size: Code=496 RO-data=0 RW-data=4024 ZI-data=0  
".\project.axf" - 0 Errors, 0 Warning(s).
Build target 'Target 1'
linking...
Program Size: Code=496 RO-data=0 RW-data=4024 ZI-data=0  
".\project.axf" - 0 Errors, 0 Warning(s).
Build target 'Target 1'
assembling project.s...
linking...
Program Size: Code=516 RO-data=0 RW-data=4024 ZI-data=0  
".\project.axf" - 0 Errors, 0 Warning(s).
Build target 'Target 1'
assembling project.s...
linking...
Program Size: Code=516 RO-data=0 RW-data=4024 ZI-data=0  
".\project.axf" - 0 Errors, 0 Warning(s).
Build target 'Target 1'
assembling project.s...
linking...
Program Size: Code=516 RO-data=0 RW-data=4404 ZI-data=0  
".\project.axf" - 0 Errors, 0 Warning(s).
Build target 'Target 1'
linking...
Program Size: Code=516 RO-data=0 RW-data=4404 ZI-data=0  
".\project.axf" - 0 Errors, 0 Warning(s).
Build target 'Target 1'
assembling project.s...
linking...
Program Size: Code=504 RO-data=0 RW-data=4404 ZI-data=0  
".\project.axf" - 0 Errors, 0 Warning(s).
Build target 'Target 1'
linking...
Program Size: Code=504 RO-data=0 RW-data=4404 ZI-data=0  
".\project.axf" - 0 Errors, 0 Warning(s).
Build target 'Target 1'
assembling project.s...
linking...
Program Size: Code=504 RO-data=0 RW-data=4404 ZI-data=0  
".\project.axf" - 0 Errors, 0 Warning(s).
Build target 'Target 1'
linking...
Program Size: Code=504 RO-data=0 RW-data=4404 ZI-data=0  
".\project.axf" - 0 Errors, 0 Warning(s).
Build target 'Target 1'
assembling project.s...
linking...
Program Size: Code=504 RO-data=0 RW-data=4404 ZI-data=0  
".\project.axf" - 0 Errors, 0 Warning(s).
Build target 'Target 1'
linking...
Program Size: Code=504 RO-data=0 RW-data=4404 ZI-data=0  
".\project.axf" - 0 Errors, 0 Warning(s).
Build target 'Target 1'
linking...
Program Size: Code=504 RO-data=0 RW-data=4404 ZI-data=0  
".\project.axf" - 0 Errors, 0 Warning(s).
Build target 'Target 1'
assembling project.s...
linking...
Program Size: Code=504 RO-data=0 RW-data=4404 ZI-data=0  
".\project.axf" - 0 Errors, 0 Warning(s).
Build target 'Target 1'
linking...
Program Size: Code=504 RO-data=0 RW-data=4404 ZI-data=0  
".\project.axf" - 0 Errors, 0 Warning(s).
Build target 'Target 1'
assembling project.s...
linking...
Program Size: Code=504 RO-data=0 RW-data=4404 ZI-data=0  
".\project.axf" - 0 Errors, 0 Warning(s).
Build target 'Target 1'
linking...
Program Size: Code=504 RO-data=0 RW-data=4404 ZI-data=0  
".\project.axf" - 0 Errors, 0 Warning(s).
Build target 'Target 1'
linking...
Program Size: Code=504 RO-data=0 RW-data=4404 ZI-data=0  
".\project.axf" - 0 Errors, 0 Warning(s).
Build target 'Target 1'
linking...
Program Size: Code=504 RO-data=0 RW-data=4404 ZI-data=0  
".\project.axf" - 0 Errors, 0 Warning(s).
Build target 'Target 1'
linking...
Program Size: Code=504 RO-data=0 RW-data=4404 ZI-data=0  
".\project.axf" - 0 Errors, 0 Warning(s).
Build target 'Target 1'
assembling project.s...
linking...
Program Size: Code=504 RO-data=0 RW-data=4404 ZI-data=0  
".\project.axf" - 0 Errors, 0 Warning(s).
Build target 'Target 1'
linking...
Program Size: Code=504 RO-data=0 RW-data=4404 ZI-data=0  
".\project.axf" - 0 Errors, 0 Warning(s).
Build target 'Target 1'
assembling project.s...
linking...
Program Size: Code=504 RO-data=0 RW-data=4404 ZI-data=0  
".\project.axf" - 0 Errors, 0 Warning(s).
Build target 'Target 1'
assembling project.s...
linking...
Program Size: Code=504 RO-data=0 RW-data=4404 ZI-data=0  
".\project.axf" - 0 Errors, 0 Warning(s).
Build target 'Target 1'
assembling project.s...
linking...
Program Size: Code=504 RO-data=0 RW-data=4404 ZI-data=0  
".\project.axf" - 0 Errors, 0 Warning(s).
Build target 'Target 1'
linking...
Program Size: Code=504 RO-data=0 RW-data=4404 ZI-data=0  
".\project.axf" - 0 Errors, 0 Warning(s).
Build target 'Target 1'
assembling project.s...
linking...
Program Size: Code=504 RO-data=0 RW-data=4404 ZI-data=0  
".\project.axf" - 0 Errors, 0 Warning(s).
Build target 'Target 1'
assembling project.s...
linking...
Program Size: Code=508 RO-data=0 RW-data=4404 ZI-data=0  
".\project.axf" - 0 Errors, 0 Warning(s).
Build target 'Target 1'
linking...
Program Size: Code=508 RO-data=0 RW-data=4404 ZI-data=0  
".\project.axf" - 0 Errors, 0 Warning(s).
Build target 'Target 1'
assembling project.s...
project.s(78): error: A1163E: Unknown opcode se , expecting opcode or Macro
".\project.axf" - 1 Errors, 0 Warning(s).
Target not created
Build target 'Target 1'
assembling project.s...
linking...
Program Size: Code=508 RO-data=0 RW-data=4404 ZI-data=0  
".\project.axf" - 0 Errors, 0 Warning(s).
Build target 'Target 1'
linking...
Program Size: Code=508 RO-data=0 RW-data=4404 ZI-data=0  
".\project.axf" - 0 Errors, 0 Warning(s).
Build target 'Target 1'
assembling project.s...
linking...
Program Size: Code=512 RO-data=0 RW-data=4404 ZI-data=0  
".\project.axf" - 0 Errors, 0 Warning(s).
Build target 'Target 1'
linking...
Program Size: Code=512 RO-data=0 RW-data=4404 ZI-data=0  
".\project.axf" - 0 Errors, 0 Warning(s).
Build target 'Target 1'
assembling project.s...
linking...
Program Size: Code=512 RO-data=0 RW-data=4404 ZI-data=0  
".\project.axf" - 0 Errors, 0 Warning(s).
Build target 'Target 1'
linking...
Program Size: Code=512 RO-data=0 RW-data=4404 ZI-data=0  
".\project.axf" - 0 Errors, 0 Warning(s).
Build target 'Target 1'
assembling project.s...
linking...
Program Size: Code=512 RO-data=0 RW-data=4404 ZI-data=0  
".\project.axf" - 0 Errors, 0 Warning(s).
Build target 'Target 1'
assembling project.s...
linking...
Program Size: Code=512 RO-data=0 RW-data=4404 ZI-data=0  
".\project.axf" - 0 Errors, 0 Warning(s).
Build target 'Target 1'
linking...
Program Size: Code=512 RO-data=0 RW-data=4404 ZI-data=0  
".\project.axf" - 0 Errors, 0 Warning(s).
Build target 'Target 1'
linking...
Program Size: Code=512 RO-data=0 RW-data=4404 ZI-data=0  
".\project.axf" - 0 Errors, 0 Warning(s).
Build target 'Target 1'
assembling project.s...
linking...
Program Size: Code=516 RO-data=0 RW-data=4404 ZI-data=0  
".\project.axf" - 0 Errors, 0 Warning(s).
Build target 'Target 1'
assembling project.s...
linking...
Program Size: Code=512 RO-data=0 RW-data=4404 ZI-data=0  
".\project.axf" - 0 Errors, 0 Warning(s).
Build target 'Target 1'
assembling project.s...
linking...
Program Size: Code=512 RO-data=0 RW-data=4404 ZI-data=0  
".\project.axf" - 0 Errors, 0 Warning(s).
Build target 'Target 1'
assembling project.s...
linking...
Program Size: Code=512 RO-data=0 RW-data=4404 ZI-data=0  
".\project.axf" - 0 Errors, 0 Warning(s).
Build target 'Target 1'
assembling project.s...
linking...
Program Size: Code=512 RO-data=0 RW-data=4404 ZI-data=0  
".\project.axf" - 0 Errors, 0 Warning(s).
Build target 'Target 1'
assembling project.s...
linking...
Program Size: Code=512 RO-data=0 RW-data=444 ZI-data=0  
".\project.axf" - 0 Errors, 0 Warning(s).
Build target 'Target 1'
assembling project.s...
linking...
Program Size: Code=512 RO-data=0 RW-data=44 ZI-data=0  
".\project.axf" - 0 Errors, 0 Warning(s).
Build target 'Target 1'
linking...
Program Size: Code=512 RO-data=0 RW-data=44 ZI-data=0  
".\project.axf" - 0 Errors, 0 Warning(s).
Build target 'Target 1'
assembling project.s...
linking...
Program Size: Code=512 RO-data=0 RW-data=44 ZI-data=0  
".\project.axf" - 0 Errors, 0 Warning(s).
Build target 'Target 1'
assembling project.s...
linking...
Program Size: Code=512 RO-data=0 RW-data=44 ZI-data=0  
".\project.axf" - 0 Errors, 0 Warning(s).
Build target 'Target 1'
assembling project.s...
linking...
Program Size: Code=512 RO-data=0 RW-data=44 ZI-data=0  
".\project.axf" - 0 Errors, 0 Warning(s).
Build target 'Target 1'
assembling project.s...
project.s(191): error: A1163E: Unknown opcode case2 , expecting opcode or Macro
".\project.axf" - 1 Errors, 0 Warning(s).
Target not created
Build target 'Target 1'
assembling project.s...
linking...
Program Size: Code=512 RO-data=0 RW-data=4004 ZI-data=0  
".\project.axf" - 0 Errors, 0 Warning(s).
Build target 'Target 1'
linking...
Program Size: Code=512 RO-data=0 RW-data=4004 ZI-data=0  
".\project.axf" - 0 Errors, 0 Warning(s).
Build target 'Target 1'
assembling project.s...
linking...
Program Size: Code=512 RO-data=0 RW-data=4004 ZI-data=0  
".\project.axf" - 0 Errors, 0 Warning(s).
Build target 'Target 1'
assembling project.s...
linking...
Program Size: Code=512 RO-data=0 RW-data=4004 ZI-data=0  
".\project.axf" - 0 Errors, 0 Warning(s).
Build target 'Target 1'
assembling project.s...
linking...
Program Size: Code=512 RO-data=0 RW-data=4404 ZI-data=0  
".\project.axf" - 0 Errors, 0 Warning(s).
Build target 'Target 1'
assembling project.s...
linking...
Program Size: Code=512 RO-data=0 RW-data=4404 ZI-data=0  
".\project.axf" - 0 Errors, 0 Warning(s).
Build target 'Target 1'
linking...
Program Size: Code=512 RO-data=0 RW-data=4404 ZI-data=0  
".\project.axf" - 0 Errors, 0 Warning(s).
Build target 'Target 1'
assembling project.s...
linking...
Program Size: Code=512 RO-data=0 RW-data=4404 ZI-data=0  
".\project.axf" - 0 Errors, 0 Warning(s).
Build target 'Target 1'
assembling project.s...
linking...
Program Size: Code=512 RO-data=0 RW-data=4404 ZI-data=0  
".\project.axf" - 0 Errors, 0 Warning(s).
Build target 'Target 1'
assembling project.s...
linking...
Program Size: Code=512 RO-data=0 RW-data=4404 ZI-data=0  
".\project.axf" - 0 Errors, 0 Warning(s).
Build target 'Target 1'
assembling project.s...
linking...
Program Size: Code=512 RO-data=0 RW-data=4404 ZI-data=0  
".\project.axf" - 0 Errors, 0 Warning(s).
Build target 'Target 1'
linking...
Program Size: Code=512 RO-data=0 RW-data=4404 ZI-data=0  
".\project.axf" - 0 Errors, 0 Warning(s).
Build target 'Target 1'
linking...
Program Size: Code=512 RO-data=0 RW-data=4404 ZI-data=0  
".\project.axf" - 0 Errors, 0 Warning(s).
Build target 'Target 1'
assembling project.s...
linking...
Program Size: Code=512 RO-data=0 RW-data=4404 ZI-data=0  
".\project.axf" - 0 Errors, 0 Warning(s).
Build target 'Target 1'
assembling project.s...
linking...
Program Size: Code=512 RO-data=0 RW-data=4404 ZI-data=0  
".\project.axf" - 0 Errors, 0 Warning(s).
Build target 'Target 1'
linking...
Program Size: Code=512 RO-data=0 RW-data=4404 ZI-data=0  
".\project.axf" - 0 Errors, 0 Warning(s).
Build target 'Target 1'
assembling project.s...
linking...
Program Size: Code=512 RO-data=0 RW-data=4404 ZI-data=0  
".\project.axf" - 0 Errors, 0 Warning(s).
Build target 'Target 1'
linking...
Program Size: Code=512 RO-data=0 RW-data=4404 ZI-data=0  
".\project.axf" - 0 Errors, 0 Warning(s).
Build target 'Target 1'
assembling project.s...
linking...
Program Size: Code=512 RO-data=0 RW-data=4404 ZI-data=0  
".\project.axf" - 0 Errors, 0 Warning(s).
Build target 'Target 1'
assembling project.s...
linking...
Program Size: Code=512 RO-data=0 RW-data=4404 ZI-data=0  
".\project.axf" - 0 Errors, 0 Warning(s).
Build target 'Target 1'
assembling project.s...
linking...
Program Size: Code=512 RO-data=0 RW-data=4404 ZI-data=0  
".\project.axf" - 0 Errors, 0 Warning(s).
Build target 'Target 1'
assembling project.s...
linking...
Program Size: Code=512 RO-data=0 RW-data=4404 ZI-data=0  
".\project.axf" - 0 Errors, 0 Warning(s).
Build target 'Target 1'
linking...
Program Size: Code=512 RO-data=0 RW-data=4404 ZI-data=0  
".\project.axf" - 0 Errors, 0 Warning(s).
Build target 'Target 1'
linking...
Program Size: Code=512 RO-data=0 RW-data=4404 ZI-data=0  
".\project.axf" - 0 Errors, 0 Warning(s).
Build target 'Target 1'
assembling project.s...
linking...
Program Size: Code=512 RO-data=0 RW-data=4404 ZI-data=0  
".\project.axf" - 0 Errors, 0 Warning(s).
Build target 'Target 1'
assembling project.s...
linking...
Program Size: Code=512 RO-data=0 RW-data=4404 ZI-data=0  
".\project.axf" - 0 Errors, 0 Warning(s).
Build target 'Target 1'
linking...
Program Size: Code=512 RO-data=0 RW-data=4404 ZI-data=0  
".\project.axf" - 0 Errors, 0 Warning(s).
Build target 'Target 1'
assembling project.s...
linking...
Program Size: Code=512 RO-data=0 RW-data=4396 ZI-data=0  
".\project.axf" - 0 Errors, 0 Warning(s).
Build target 'Target 1'
assembling project.s...
linking...
Program Size: Code=512 RO-data=0 RW-data=4396 ZI-data=0  
".\project.axf" - 0 Errors, 0 Warning(s).
Build target 'Target 1'
assembling project.s...
project.s(216): error: A1110E: Expected constant expression
project.s(217): error: A1110E: Expected constant expression
project.s(218): error: A1110E: Expected constant expression
project.s(219): error: A1110E: Expected constant expression
project.s(220): error: A1110E: Expected constant expression
project.s(221): error: A1110E: Expected constant expression
project.s(222): error: A1110E: Expected constant expression
project.s(223): error: A1110E: Expected constant expression
project.s(224): error: A1110E: Expected constant expression
project.s(225): error: A1110E: Expected constant expression
".\project.axf" - 10 Errors, 0 Warning(s).
Target not created
Build target 'Target 1'
assembling project.s...
linking...
Program Size: Code=512 RO-data=0 RW-data=4396 ZI-data=0  
".\project.axf" - 0 Errors, 0 Warning(s).
Build target 'Target 1'
linking...
Program Size: Code=512 RO-data=0 RW-data=4396 ZI-data=0  
".\project.axf" - 0 Errors, 0 Warning(s).
Build target 'Target 1'
assembling project.s...
linking...
Program Size: Code=512 RO-data=0 RW-data=4396 ZI-data=0  
".\project.axf" - 0 Errors, 0 Warning(s).
Build target 'Target 1'
assembling project.s...
linking...
Program Size: Code=512 RO-data=0 RW-data=4404 ZI-data=0  
".\project.axf" - 0 Errors, 0 Warning(s).
Build target 'Target 1'
assembling project.s...
linking...
Program Size: Code=512 RO-data=0 RW-data=4396 ZI-data=0  
".\project.axf" - 0 Errors, 0 Warning(s).
Build target 'Target 1'
assembling project.s...
linking...
Program Size: Code=512 RO-data=0 RW-data=8396 ZI-data=0  
".\project.axf" - 0 Errors, 0 Warning(s).
Build target 'Target 1'
assembling project.s...
linking...
Program Size: Code=512 RO-data=0 RW-data=4400 ZI-data=0  
".\project.axf" - 0 Errors, 0 Warning(s).
Build target 'Target 1'
assembling project.s...
linking...
Program Size: Code=512 RO-data=0 RW-data=4396 ZI-data=0  
".\project.axf" - 0 Errors, 0 Warning(s).
Build target 'Target 1'
assembling project.s...
linking...
Program Size: Code=512 RO-data=0 RW-data=4400 ZI-data=0  
".\project.axf" - 0 Errors, 0 Warning(s).
Build target 'Target 1'
assembling project.s...
linking...
Program Size: Code=512 RO-data=0 RW-data=4400 ZI-data=0  
".\project.axf" - 0 Errors, 0 Warning(s).
Build target 'Target 1'
assembling project.s...
linking...
Program Size: Code=512 RO-data=0 RW-data=4400 ZI-data=0  
".\project.axf" - 0 Errors, 0 Warning(s).
Build target 'Target 1'
linking...
Program Size: Code=512 RO-data=0 RW-data=4400 ZI-data=0  
".\project.axf" - 0 Errors, 0 Warning(s).
Build target 'Target 1'
assembling project.s...
linking...
Program Size: Code=512 RO-data=0 RW-data=4404 ZI-data=0  
".\project.axf" - 0 Errors, 0 Warning(s).
Build target 'Target 1'
assembling project.s...
linking...
Program Size: Code=512 RO-data=0 RW-data=4400 ZI-data=0  
".\project.axf" - 0 Errors, 0 Warning(s).
Build target 'Target 1'
assembling project.s...
linking...
Program Size: Code=512 RO-data=0 RW-data=4404 ZI-data=0  
".\project.axf" - 0 Errors, 0 Warning(s).
Build target 'Target 1'
assembling project.s...
linking...
Program Size: Code=512 RO-data=0 RW-data=4408 ZI-data=0  
".\project.axf" - 0 Errors, 0 Warning(s).
Build target 'Target 1'
assembling project.s...
linking...
Program Size: Code=512 RO-data=0 RW-data=4404 ZI-data=0  
".\project.axf" - 0 Errors, 0 Warning(s).
Build target 'Target 1'
assembling project.s...
linking...
Program Size: Code=512 RO-data=0 RW-data=4404 ZI-data=0  
".\project.axf" - 0 Errors, 0 Warning(s).
Build target 'Target 1'
assembling project.s...
linking...
Program Size: Code=512 RO-data=0 RW-data=4400 ZI-data=0  
".\project.axf" - 0 Errors, 0 Warning(s).
Build target 'Target 1'
assembling project.s...
linking...
Program Size: Code=512 RO-data=0 RW-data=4404 ZI-data=0  
".\project.axf" - 0 Errors, 0 Warning(s).
Build target 'Target 1'
assembling project.s...
linking...
Program Size: Code=512 RO-data=0 RW-data=4404 ZI-data=0  
".\project.axf" - 0 Errors, 0 Warning(s).
Build target 'Target 1'
assembling project.s...
linking...
Program Size: Code=512 RO-data=0 RW-data=4404 ZI-data=0  
".\project.axf" - 0 Errors, 0 Warning(s).
Build target 'Target 1'
assembling project.s...
linking...
Program Size: Code=512 RO-data=0 RW-data=4404 ZI-data=0  
".\project.axf" - 0 Errors, 0 Warning(s).
Build target 'Target 1'
assembling project.s...
linking...
Program Size: Code=512 RO-data=0 RW-data=4400 ZI-data=0  
".\project.axf" - 0 Errors, 0 Warning(s).
Build target 'Target 1'
assembling project.s...
linking...
Program Size: Code=512 RO-data=0 RW-data=4404 ZI-data=0  
".\project.axf" - 0 Errors, 0 Warning(s).
Build target 'Target 1'
assembling project.s...
linking...
Program Size: Code=512 RO-data=0 RW-data=4400 ZI-data=0  
".\project.axf" - 0 Errors, 0 Warning(s).
Build target 'Target 1'
assembling project.s...
linking...
Program Size: Code=512 RO-data=0 RW-data=4404 ZI-data=0  
".\project.axf" - 0 Errors, 0 Warning(s).
Build target 'Target 1'
assembling project.s...
linking...
Program Size: Code=512 RO-data=0 RW-data=4404 ZI-data=0  
".\project.axf" - 0 Errors, 0 Warning(s).
Build target 'Target 1'
assembling project.s...
linking...
Program Size: Code=512 RO-data=0 RW-data=4404 ZI-data=0  
".\project.axf" - 0 Errors, 0 Warning(s).
Build target 'Target 1'
assembling project.s...
linking...
Program Size: Code=512 RO-data=0 RW-data=4404 ZI-data=0  
".\project.axf" - 0 Errors, 0 Warning(s).
